// Jest Snapshot v1, https://goo.gl/fbAQLP

exports[`With Snapshot Testing App shows "hi" 1`] = `
<pre
  className="codeblock"
>
  <code />
</pre>
`;
